[vetmnts.github.io/home422e.html]
[backblue.gif]
[fade.gif]
[index.html]
[vetmnts.github.io/assets/home.css]
[vetmnts.github.io/assets/main.css]
[vetmnts.github.io/images/otM5jOA.png]
[vetmnts.github.io/images/gTMa9Dw.png]
[vetmnts.github.io/images/YLFqBLa.png]
[vetmnts.github.io/images/4iFdAaV.png]
[vetmnts.github.io/images/1GUMnTn.png]
[vetmnts.github.io/images/3oibZUL.png]
[vetmnts.github.io/images/zgc6646.png]
[vetmnts.github.io/images/U2xCSkJ.png]
[vetmnts.github.io/images/v1iHjwX.png]
[vetmnts.github.io/images/S0u0qjQ.png]
[vetmnts.github.io/images/QkoPqgC.png]
[vetmnts.github.io/assets/bar.js]
[vetmnts.github.io/assets/manifest.js]
[vetmnts.github.io/home422e.html]
[vetmnts.github.io/assets/home.css]
[vetmnts.github.io/images/2eKl73o.png]
[vetmnts.github.io/images/0OfDslu.png]
[vetmnts.github.io/images/sltb5a0.png]
[vetmnts.github.io/images/8Svo1kX.png]
[vetmnts.github.io/images/3Ft4ULN.png]
[vetmnts.github.io/images/uTM7cGR.png]
[vetmnts.github.io/images/P6F91tI.png]
[vetmnts.github.io/images/rPgX94T.png]
[vetmnts.github.io/images/ECjKGrW.png]
[vetmnts.github.io/images/wC2vTmn.png]
[vetmnts.github.io/assets/main.css]
